
> 10x-astro-starter@0.0.1 test:e2e
> playwright test

[dotenv@17.2.3] injecting env (7) from .env.test -- tip: 🔐 prevent committing .env to code: https://dotenvx.com/precommit

Running 54 tests using 3 workers

[1A[2K[dotenv@17.2.3] injecting env (0) from .env.test -- tip: 👥 sync secrets across teammates & machines: https://dotenvx.com/ops

[1A[2K[dotenv@17.2.3] injecting env (0) from .env.test -- tip: 🗂️ backup and recover secrets: https://dotenvx.com/ops

[1A[2K[dotenv@17.2.3] injecting env (0) from .env.test -- tip: ⚙️  specify custom .env file path with { path: '/custom/path/.env' }

[1A[2K[1/54] [auth-tests] › e2e\auth\example.spec.ts:42:3 › Authentication Flow › should navigate to login page
[1A[2K[2/54] [auth-tests] › e2e\auth\example.spec.ts:11:3 › Homepage › should redirect unauthenticated users to login
[1A[2K[3/54] [auth-tests] › e2e\auth\example.spec.ts:25:3 › Homepage › should demonstrate visual regression testing on login page
[1A[2K[4/54] [auth-tests] › e2e\auth\example.spec.ts:53:3 › Authentication Flow › should show validation errors for invalid input
[1A[2K[5/54] [auth-tests] › e2e\auth\login-with-helpers.spec.ts:20:3 › Login with Helpers › should login with valid test user credentials
[1A[2K[6/54] [auth-tests] › e2e\auth\login.spec.ts:21:5 › Login Page › Page Layout › should display auth layout with correct title and subtitle
[1A[2K[7/54] [auth-tests] › e2e\auth\login.spec.ts:26:5 › Login Page › Page Layout › should display all login form elements
[1A[2K[8/54] [auth-tests] › e2e\auth\login.spec.ts:33:5 › Login Page › Page Layout › should display navigation links
[1A[2K[9/54] [auth-tests] › e2e\auth\login.spec.ts:40:5 › Login Page › Form Interactions › should allow filling email and password fields
[1A[2K[10/54] [auth-tests] › e2e\auth\login-with-helpers.spec.ts:39:3 › Login with Helpers › should show error with invalid credentials
[1A[2K[11/54] [auth-tests] › e2e\auth\login.spec.ts:48:5 › Login Page › Form Interactions › should show submit button as enabled by default
[1A[2K[12/54] [auth-tests] › e2e\auth\login.spec.ts:53:5 › Login Page › Form Interactions › should disable submit button while submitting
[1A[2K[13/54] [auth-tests] › e2e\auth\login.spec.ts:67:5 › Login Page › Error Handling › should show error for invalid credentials
[1A[2K[14/54] [auth-tests] › e2e\auth\login-with-helpers.spec.ts:50:3 › Login with Helpers › should show error for invalid email format
[1A[2K[15/54] [auth-tests] › e2e\auth\login.spec.ts:79:10 › Login Page › Error Handling › should show error for short password
[1A[2K[16/54] [auth-tests] › e2e\auth\login.spec.ts:89:5 › Login Page › Error Handling › should show error for invalid email format
[1A[2K[17/54] [auth-tests] › e2e\auth\login-with-helpers.spec.ts:63:8 › Login with Helpers › should show error for short password
[1A[2K[18/54] [auth-tests] › e2e\auth\login-with-helpers.spec.ts:83:3 › Login with Helpers › authenticate and save state
[1A[2K[19/54] [auth-tests] › e2e\auth\login.spec.ts:101:5 › Login Page › Navigation › should navigate to register page when clicking sign up link
[1A[2K[20/54] [auth-tests] › e2e\auth\login.spec.ts:106:5 › Login Page › Navigation › should navigate to reset password page when clicking forgot password link
[1A[2K[21/54] [auth-tests] › e2e\auth\login.spec.ts:114:10 › Login Page › Successful Login › should successfully log in with valid credentials
[1A[2K[auth-tests] › e2e\auth\login-with-helpers.spec.ts:83:3 › Login with Helpers › authenticate and save state
✓ Authentication state saved successfully to .auth/user.json

[1A[2K[dotenv@17.2.3] injecting env (0) from .env.test -- tip: 👥 sync secrets across teammates & machines: https://dotenvx.com/ops

[1A[2K[dotenv@17.2.3] injecting env (0) from .env.test -- tip: ⚙️  enable debug logging with { debug: true }

[1A[2K[22/54] [flashcard-generation] › e2e\flashcard-generation\generate-and-save.spec.ts:24:5 › Flashcard Generation Workflow › should complete full workflow: generate, edit, accept, and save flashcards
[1A[2K[dotenv@17.2.3] injecting env (0) from .env.test -- tip: ⚙️  specify custom .env file path with { path: '/custom/path/.env' }

[1A[2K[23/54] [flashcard-generation] › e2e\flashcard-generation\generate-and-save.spec.ts:123:5 › Flashcard Generation Workflow › should disable generate button when text is too short
[1A[2K[24/54] [flashcard-generation] › e2e\flashcard-generation\generate-and-save.spec.ts:128:5 › Flashcard Generation Workflow › should disable generate button when text is too long
[1A[2K[25/54] [flashcard-generation] › e2e\flashcard-generation\generate-and-save.spec.ts:134:5 › Flashcard Generation Workflow › should enable generate button when text length is valid
[1A[2K[26/54] [flashcard-generation] › e2e\flashcard-generation\generate-and-save.spec.ts:140:5 › Flashcard Generation Workflow › should save all flashcards without accepting
[1A[2K  1) [flashcard-generation] › e2e\flashcard-generation\generate-and-save.spec.ts:24:5 › Flashcard Generation Workflow › should complete full workflow: generate, edit, accept, and save flashcards › Fill source text with article 

    Error: [2mexpect([22m[31mlocator[39m[2m).[22mtoBeEnabled[2m([22m[2m)[22m failed

    Locator:  getByTestId('generate-button')
    Expected: enabled
    Received: disabled
    Timeout:  5000ms

    Call log:
    [2m  - Expect "toBeEnabled" with timeout 5000ms[22m
    [2m  - waiting for getByTestId('generate-button')[22m
    [2m    9 × locator resolved to <button disabled data-slot="button" data-testid="generate-button" class="inline-flex items-center justify-center gap-2 whitespace-nowrap text-sm font-medium transition-all disabled:pointer-events-none disabled:opacity-50 [&_svg]:pointer-events-none [&_svg:not([class*='size-'])]:size-4 shrink-0 [&_svg]:shrink-0 outline-none focus-visible:border-ring focus-visible:ring-ring/50 focus-visible:ring-[3px] aria-invalid:ring-destructive/20 dark:aria-invalid:ring-destructive/40 aria-invalid:border-destructive …>Generate Flashcards</button>[22m
    [2m      - unexpected value "disabled"[22m


      32 |
      33 |             // Verify generate button is enabled
    > 34 |             await expect(generatePage.generateButton).toBeEnabled();
         |                                                       ^
      35 |         });
      36 |
      37 |         // Krok 2: Naciśnij przycisk Generate
        at D:\DEVELOPER\GitHub\10xcards\10x-cards\e2e\flashcard-generation\generate-and-save.spec.ts:34:55
        at D:\DEVELOPER\GitHub\10xcards\10x-cards\e2e\flashcard-generation\generate-and-save.spec.ts:26:9

    attachment #1: screenshot (image/png) ──────────────────────────────────────────────────────────
    test-results\flashcard-generation-gener-5789e--accept-and-save-flashcards-flashcard-generation\test-failed-1.png
    ────────────────────────────────────────────────────────────────────────────────────────────────

    attachment #2: video (video/webm) ──────────────────────────────────────────────────────────────
    test-results\flashcard-generation-gener-5789e--accept-and-save-flashcards-flashcard-generation\video.webm
    ────────────────────────────────────────────────────────────────────────────────────────────────

    Error Context: test-results\flashcard-generation-gener-5789e--accept-and-save-flashcards-flashcard-generation\error-context.md


[1A[2K[dotenv@17.2.3] injecting env (0) from .env.test -- tip: ⚙️  enable debug logging with { debug: true }

[1A[2K[27/54] [flashcard-generation] › e2e\flashcard-generation\generate-and-save.spec.ts:151:5 › Flashcard Generation Workflow › should allow rejecting flashcards
[1A[2K  2) [flashcard-generation] › e2e\flashcard-generation\generate-and-save.spec.ts:134:5 › Flashcard Generation Workflow › should enable generate button when text length is valid 

    Error: [2mexpect([22m[31mlocator[39m[2m).[22mtoBeEnabled[2m([22m[2m)[22m failed

    Locator:  getByTestId('generate-button')
    Expected: enabled
    Received: disabled
    Timeout:  5000ms

    Call log:
    [2m  - Expect "toBeEnabled" with timeout 5000ms[22m
    [2m  - waiting for getByTestId('generate-button')[22m
    [2m    8 × locator resolved to <button disabled data-slot="button" data-testid="generate-button" class="inline-flex items-center justify-center gap-2 whitespace-nowrap text-sm font-medium transition-all disabled:pointer-events-none disabled:opacity-50 [&_svg]:pointer-events-none [&_svg:not([class*='size-'])]:size-4 shrink-0 [&_svg]:shrink-0 outline-none focus-visible:border-ring focus-visible:ring-ring/50 focus-visible:ring-[3px] aria-invalid:ring-destructive/20 dark:aria-invalid:ring-destructive/40 aria-invalid:border-destructive …>Generate Flashcards</button>[22m
    [2m      - unexpected value "disabled"[22m
    [2m    - waiting for" http://localhost:3000/generate" navigation to finish...[22m
    [2m    - navigated to "http://localhost:3000/generate"[22m
    [2m    - locator resolved to <button disabled data-slot="button" data-testid="generate-button" class="inline-flex items-center justify-center gap-2 whitespace-nowrap text-sm font-medium transition-all disabled:pointer-events-none disabled:opacity-50 [&_svg]:pointer-events-none [&_svg:not([class*='size-'])]:size-4 shrink-0 [&_svg]:shrink-0 outline-none focus-visible:border-ring focus-visible:ring-ring/50 focus-visible:ring-[3px] aria-invalid:ring-destructive/20 dark:aria-invalid:ring-destructive/40 aria-invalid:border-destructive …>Generate Flashcards</button>[22m
    [2m    - unexpected value "disabled"[22m


      135 |         const validText = "A".repeat(5000);
      136 |         await generatePage.fillSourceText(validText);
    > 137 |         await expect(generatePage.generateButton).toBeEnabled();
          |                                                   ^
      138 |     });
      139 |
      140 |     test("should save all flashcards without accepting", async () => {
        at D:\DEVELOPER\GitHub\10xcards\10x-cards\e2e\flashcard-generation\generate-and-save.spec.ts:137:51

    attachment #1: screenshot (image/png) ──────────────────────────────────────────────────────────
    test-results\flashcard-generation-gener-2efde-n-when-text-length-is-valid-flashcard-generation\test-failed-1.png
    ────────────────────────────────────────────────────────────────────────────────────────────────

    attachment #2: video (video/webm) ──────────────────────────────────────────────────────────────
    test-results\flashcard-generation-gener-2efde-n-when-text-length-is-valid-flashcard-generation\video.webm
    ────────────────────────────────────────────────────────────────────────────────────────────────

    Error Context: test-results\flashcard-generation-gener-2efde-n-when-text-length-is-valid-flashcard-generation\error-context.md


[1A[2K  3) [flashcard-generation] › e2e\flashcard-generation\generate-and-save.spec.ts:140:5 › Flashcard Generation Workflow › should save all flashcards without accepting 

    Error: [2mexpect([22m[31mlocator[39m[2m).[22mtoBeEnabled[2m([22m[2m)[22m failed

    Locator:  getByTestId('generate-button')
    Expected: enabled
    Received: disabled
    Timeout:  5000ms

    Call log:
    [2m  - Expect "toBeEnabled" with timeout 5000ms[22m
    [2m  - waiting for getByTestId('generate-button')[22m
    [2m    9 × locator resolved to <button disabled data-slot="button" data-testid="generate-button" class="inline-flex items-center justify-center gap-2 whitespace-nowrap text-sm font-medium transition-all disabled:pointer-events-none disabled:opacity-50 [&_svg]:pointer-events-none [&_svg:not([class*='size-'])]:size-4 shrink-0 [&_svg]:shrink-0 outline-none focus-visible:border-ring focus-visible:ring-ring/50 focus-visible:ring-[3px] aria-invalid:ring-destructive/20 dark:aria-invalid:ring-destructive/40 aria-invalid:border-destructive …>Generate Flashcards</button>[22m
    [2m      - unexpected value "disabled"[22m


       at pages\GenerateFlashcardsPage.ts:126

      124 |      */
      125 |     async clickGenerate() {
    > 126 |         await expect(this.generateButton).toBeEnabled();
          |                                           ^
      127 |         await this.generateButton.click();
      128 |     }
      129 |
        at GenerateFlashcardsPage.clickGenerate (D:\DEVELOPER\GitHub\10xcards\10x-cards\e2e\pages\GenerateFlashcardsPage.ts:126:43)
        at GenerateFlashcardsPage.generateFlashcardsFromText (D:\DEVELOPER\GitHub\10xcards\10x-cards\e2e\pages\GenerateFlashcardsPage.ts:288:20)
        at D:\DEVELOPER\GitHub\10xcards\10x-cards\e2e\flashcard-generation\generate-and-save.spec.ts:142:9

    attachment #1: screenshot (image/png) ──────────────────────────────────────────────────────────
    test-results\flashcard-generation-gener-fbc9f-lashcards-without-accepting-flashcard-generation\test-failed-1.png
    ────────────────────────────────────────────────────────────────────────────────────────────────

    attachment #2: video (video/webm) ──────────────────────────────────────────────────────────────
    test-results\flashcard-generation-gener-fbc9f-lashcards-without-accepting-flashcard-generation\video.webm
    ────────────────────────────────────────────────────────────────────────────────────────────────

    Error Context: test-results\flashcard-generation-gener-fbc9f-lashcards-without-accepting-flashcard-generation\error-context.md


[1A[2K[dotenv@17.2.3] injecting env (0) from .env.test -- tip: ⚙️  enable debug logging with { debug: true }

[1A[2K[dotenv@17.2.3] injecting env (0) from .env.test -- tip: 📡 add observability to secrets: https://dotenvx.com/ops

[1A[2K[28/54] [flashcard-generation] › e2e\flashcard-generation\generate-and-save.spec.ts:168:5 › Flashcard Generation Workflow › should validate edit textarea character limits
[1A[2K[29/54] [flashcard-generation] › e2e\flashcard-generation\generate-and-save.spec.ts:188:5 › Flashcard Generation Workflow › should show character counter in edit mode
[1A[2K  4) [flashcard-generation] › e2e\flashcard-generation\generate-and-save.spec.ts:151:5 › Flashcard Generation Workflow › should allow rejecting flashcards 

    Error: [2mexpect([22m[31mlocator[39m[2m).[22mtoBeEnabled[2m([22m[2m)[22m failed

    Locator:  getByTestId('generate-button')
    Expected: enabled
    Received: disabled
    Timeout:  5000ms

    Call log:
    [2m  - Expect "toBeEnabled" with timeout 5000ms[22m
    [2m  - waiting for getByTestId('generate-button')[22m
    [2m    9 × locator resolved to <button disabled data-slot="button" data-testid="generate-button" class="inline-flex items-center justify-center gap-2 whitespace-nowrap text-sm font-medium transition-all disabled:pointer-events-none disabled:opacity-50 [&_svg]:pointer-events-none [&_svg:not([class*='size-'])]:size-4 shrink-0 [&_svg]:shrink-0 outline-none focus-visible:border-ring focus-visible:ring-ring/50 focus-visible:ring-[3px] aria-invalid:ring-destructive/20 dark:aria-invalid:ring-destructive/40 aria-invalid:border-destructive …>Generate Flashcards</button>[22m
    [2m      - unexpected value "disabled"[22m


       at pages\GenerateFlashcardsPage.ts:126

      124 |      */
      125 |     async clickGenerate() {
    > 126 |         await expect(this.generateButton).toBeEnabled();
          |                                           ^
      127 |         await this.generateButton.click();
      128 |     }
      129 |
        at GenerateFlashcardsPage.clickGenerate (D:\DEVELOPER\GitHub\10xcards\10x-cards\e2e\pages\GenerateFlashcardsPage.ts:126:43)
        at GenerateFlashcardsPage.generateFlashcardsFromText (D:\DEVELOPER\GitHub\10xcards\10x-cards\e2e\pages\GenerateFlashcardsPage.ts:288:20)
        at D:\DEVELOPER\GitHub\10xcards\10x-cards\e2e\flashcard-generation\generate-and-save.spec.ts:153:9

    attachment #1: screenshot (image/png) ──────────────────────────────────────────────────────────
    test-results\flashcard-generation-gener-7c24d--allow-rejecting-flashcards-flashcard-generation\test-failed-1.png
    ────────────────────────────────────────────────────────────────────────────────────────────────

    attachment #2: video (video/webm) ──────────────────────────────────────────────────────────────
    test-results\flashcard-generation-gener-7c24d--allow-rejecting-flashcards-flashcard-generation\video.webm
    ────────────────────────────────────────────────────────────────────────────────────────────────

    Error Context: test-results\flashcard-generation-gener-7c24d--allow-rejecting-flashcards-flashcard-generation\error-context.md


[1A[2K[dotenv@17.2.3] injecting env (0) from .env.test -- tip: 🔑 add access controls to secrets: https://dotenvx.com/ops

[1A[2K[30/54] [flashcard-generation] › e2e\flashcard-generation\generate-and-save.spec.ts:202:5 › Flashcard Generation Workflow › should disable Save Accepted when no flashcards are accepted
[1A[2K  5) [flashcard-generation] › e2e\flashcard-generation\generate-and-save.spec.ts:168:5 › Flashcard Generation Workflow › should validate edit textarea character limits 

    Error: [2mexpect([22m[31mlocator[39m[2m).[22mtoBeEnabled[2m([22m[2m)[22m failed

    Locator:  getByTestId('generate-button')
    Expected: enabled
    Received: disabled
    Timeout:  5000ms

    Call log:
    [2m  - Expect "toBeEnabled" with timeout 5000ms[22m
    [2m  - waiting for getByTestId('generate-button')[22m
    [2m    9 × locator resolved to <button disabled data-slot="button" data-testid="generate-button" class="inline-flex items-center justify-center gap-2 whitespace-nowrap text-sm font-medium transition-all disabled:pointer-events-none disabled:opacity-50 [&_svg]:pointer-events-none [&_svg:not([class*='size-'])]:size-4 shrink-0 [&_svg]:shrink-0 outline-none focus-visible:border-ring focus-visible:ring-ring/50 focus-visible:ring-[3px] aria-invalid:ring-destructive/20 dark:aria-invalid:ring-destructive/40 aria-invalid:border-destructive …>Generate Flashcards</button>[22m
    [2m      - unexpected value "disabled"[22m


       at pages\GenerateFlashcardsPage.ts:126

      124 |      */
      125 |     async clickGenerate() {
    > 126 |         await expect(this.generateButton).toBeEnabled();
          |                                           ^
      127 |         await this.generateButton.click();
      128 |     }
      129 |
        at GenerateFlashcardsPage.clickGenerate (D:\DEVELOPER\GitHub\10xcards\10x-cards\e2e\pages\GenerateFlashcardsPage.ts:126:43)
        at GenerateFlashcardsPage.generateFlashcardsFromText (D:\DEVELOPER\GitHub\10xcards\10x-cards\e2e\pages\GenerateFlashcardsPage.ts:288:20)
        at D:\DEVELOPER\GitHub\10xcards\10x-cards\e2e\flashcard-generation\generate-and-save.spec.ts:170:9

    attachment #1: screenshot (image/png) ──────────────────────────────────────────────────────────
    test-results\flashcard-generation-gener-5fdf5-t-textarea-character-limits-flashcard-generation\test-failed-1.png
    ────────────────────────────────────────────────────────────────────────────────────────────────

    attachment #2: video (video/webm) ──────────────────────────────────────────────────────────────
    test-results\flashcard-generation-gener-5fdf5-t-textarea-character-limits-flashcard-generation\video.webm
    ────────────────────────────────────────────────────────────────────────────────────────────────

    Error Context: test-results\flashcard-generation-gener-5fdf5-t-textarea-character-limits-flashcard-generation\error-context.md


[1A[2K  6) [flashcard-generation] › e2e\flashcard-generation\generate-and-save.spec.ts:188:5 › Flashcard Generation Workflow › should show character counter in edit mode 

    Error: [2mexpect([22m[31mlocator[39m[2m).[22mtoBeEnabled[2m([22m[2m)[22m failed

    Locator:  getByTestId('generate-button')
    Expected: enabled
    Received: disabled
    Timeout:  5000ms

    Call log:
    [2m  - Expect "toBeEnabled" with timeout 5000ms[22m
    [2m  - waiting for getByTestId('generate-button')[22m
    [2m    9 × locator resolved to <button disabled data-slot="button" data-testid="generate-button" class="inline-flex items-center justify-center gap-2 whitespace-nowrap text-sm font-medium transition-all disabled:pointer-events-none disabled:opacity-50 [&_svg]:pointer-events-none [&_svg:not([class*='size-'])]:size-4 shrink-0 [&_svg]:shrink-0 outline-none focus-visible:border-ring focus-visible:ring-ring/50 focus-visible:ring-[3px] aria-invalid:ring-destructive/20 dark:aria-invalid:ring-destructive/40 aria-invalid:border-destructive …>Generate Flashcards</button>[22m
    [2m      - unexpected value "disabled"[22m


       at pages\GenerateFlashcardsPage.ts:126

      124 |      */
      125 |     async clickGenerate() {
    > 126 |         await expect(this.generateButton).toBeEnabled();
          |                                           ^
      127 |         await this.generateButton.click();
      128 |     }
      129 |
        at GenerateFlashcardsPage.clickGenerate (D:\DEVELOPER\GitHub\10xcards\10x-cards\e2e\pages\GenerateFlashcardsPage.ts:126:43)
        at GenerateFlashcardsPage.generateFlashcardsFromText (D:\DEVELOPER\GitHub\10xcards\10x-cards\e2e\pages\GenerateFlashcardsPage.ts:288:20)
        at D:\DEVELOPER\GitHub\10xcards\10x-cards\e2e\flashcard-generation\generate-and-save.spec.ts:190:9

    attachment #1: screenshot (image/png) ──────────────────────────────────────────────────────────
    test-results\flashcard-generation-gener-9740d-racter-counter-in-edit-mode-flashcard-generation\test-failed-1.png
    ────────────────────────────────────────────────────────────────────────────────────────────────

    attachment #2: video (video/webm) ──────────────────────────────────────────────────────────────
    test-results\flashcard-generation-gener-9740d-racter-counter-in-edit-mode-flashcard-generation\video.webm
    ────────────────────────────────────────────────────────────────────────────────────────────────

    Error Context: test-results\flashcard-generation-gener-9740d-racter-counter-in-edit-mode-flashcard-generation\error-context.md


[1A[2K[dotenv@17.2.3] injecting env (0) from .env.test -- tip: 🗂️ backup and recover secrets: https://dotenvx.com/ops

[1A[2K[dotenv@17.2.3] injecting env (0) from .env.test -- tip: 🔐 prevent building .env in docker: https://dotenvx.com/prebuild

[1A[2K[31/54] [flashcard-generation] › e2e\flashcard-generation\generate-and-save.spec.ts:230:5 › Flashcard Generation - Error Handling › should show error notification on API failure
[1A[2K[32/54] [flashcard-generation] › e2e\flashcard-generation\generate-and-save.spec.ts:210:5 › Flashcard Generation Workflow › should enable Save Accepted when at least one flashcard is accepted
[1A[2K  7) [flashcard-generation] › e2e\flashcard-generation\generate-and-save.spec.ts:202:5 › Flashcard Generation Workflow › should disable Save Accepted when no flashcards are accepted 

    Error: [2mexpect([22m[31mlocator[39m[2m).[22mtoBeEnabled[2m([22m[2m)[22m failed

    Locator:  getByTestId('generate-button')
    Expected: enabled
    Received: disabled
    Timeout:  5000ms

    Call log:
    [2m  - Expect "toBeEnabled" with timeout 5000ms[22m
    [2m  - waiting for getByTestId('generate-button')[22m
    [2m    9 × locator resolved to <button disabled data-slot="button" data-testid="generate-button" class="inline-flex items-center justify-center gap-2 whitespace-nowrap text-sm font-medium transition-all disabled:pointer-events-none disabled:opacity-50 [&_svg]:pointer-events-none [&_svg:not([class*='size-'])]:size-4 shrink-0 [&_svg]:shrink-0 outline-none focus-visible:border-ring focus-visible:ring-ring/50 focus-visible:ring-[3px] aria-invalid:ring-destructive/20 dark:aria-invalid:ring-destructive/40 aria-invalid:border-destructive …>Generate Flashcards</button>[22m
    [2m      - unexpected value "disabled"[22m


       at pages\GenerateFlashcardsPage.ts:126

      124 |      */
      125 |     async clickGenerate() {
    > 126 |         await expect(this.generateButton).toBeEnabled();
          |                                           ^
      127 |         await this.generateButton.click();
      128 |     }
      129 |
        at GenerateFlashcardsPage.clickGenerate (D:\DEVELOPER\GitHub\10xcards\10x-cards\e2e\pages\GenerateFlashcardsPage.ts:126:43)
        at GenerateFlashcardsPage.generateFlashcardsFromText (D:\DEVELOPER\GitHub\10xcards\10x-cards\e2e\pages\GenerateFlashcardsPage.ts:288:20)
        at D:\DEVELOPER\GitHub\10xcards\10x-cards\e2e\flashcard-generation\generate-and-save.spec.ts:204:9

    attachment #1: screenshot (image/png) ──────────────────────────────────────────────────────────
    test-results\flashcard-generation-gener-63a41--no-flashcards-are-accepted-flashcard-generation\test-failed-1.png
    ────────────────────────────────────────────────────────────────────────────────────────────────

    attachment #2: video (video/webm) ──────────────────────────────────────────────────────────────
    test-results\flashcard-generation-gener-63a41--no-flashcards-are-accepted-flashcard-generation\video.webm
    ────────────────────────────────────────────────────────────────────────────────────────────────

    Error Context: test-results\flashcard-generation-gener-63a41--no-flashcards-are-accepted-flashcard-generation\error-context.md


[1A[2K[dotenv@17.2.3] injecting env (0) from .env.test -- tip: 🔐 prevent committing .env to code: https://dotenvx.com/precommit

[1A[2K[33/54] [flashcard-generation] › e2e\flashcard-generation\generate-and-save.spec.ts:259:5 › Flashcard Generation - Multiple Edits › should allow editing multiple flashcards
[1A[2K  8) [flashcard-generation] › e2e\flashcard-generation\generate-and-save.spec.ts:230:5 › Flashcard Generation - Error Handling › should show error notification on API failure 

    Error: [2mexpect([22m[31mlocator[39m[2m).[22mtoBeEnabled[2m([22m[2m)[22m failed

    Locator:  getByTestId('generate-button')
    Expected: enabled
    Received: disabled
    Timeout:  5000ms

    Call log:
    [2m  - Expect "toBeEnabled" with timeout 5000ms[22m
    [2m  - waiting for getByTestId('generate-button')[22m
    [2m    7 × locator resolved to <button disabled data-slot="button" data-testid="generate-button" class="inline-flex items-center justify-center gap-2 whitespace-nowrap text-sm font-medium transition-all disabled:pointer-events-none disabled:opacity-50 [&_svg]:pointer-events-none [&_svg:not([class*='size-'])]:size-4 shrink-0 [&_svg]:shrink-0 outline-none focus-visible:border-ring focus-visible:ring-ring/50 focus-visible:ring-[3px] aria-invalid:ring-destructive/20 dark:aria-invalid:ring-destructive/40 aria-invalid:border-destructive …>Generate Flashcards</button>[22m
    [2m      - unexpected value "disabled"[22m
    [2m    - waiting for" http://localhost:3000/generate" navigation to finish...[22m
    [2m    - navigated to "http://localhost:3000/generate"[22m
    [2m    - locator resolved to <button disabled data-slot="button" data-testid="generate-button" class="inline-flex items-center justify-center gap-2 whitespace-nowrap text-sm font-medium transition-all disabled:pointer-events-none disabled:opacity-50 [&_svg]:pointer-events-none [&_svg:not([class*='size-'])]:size-4 shrink-0 [&_svg]:shrink-0 outline-none focus-visible:border-ring focus-visible:ring-ring/50 focus-visible:ring-[3px] aria-invalid:ring-destructive/20 dark:aria-invalid:ring-destructive/40 aria-invalid:border-destructive …>Generate Flashcards</button>[22m
    [2m    - unexpected value "disabled"[22m


       at pages\GenerateFlashcardsPage.ts:126

      124 |      */
      125 |     async clickGenerate() {
    > 126 |         await expect(this.generateButton).toBeEnabled();
          |                                           ^
      127 |         await this.generateButton.click();
      128 |     }
      129 |
        at GenerateFlashcardsPage.clickGenerate (D:\DEVELOPER\GitHub\10xcards\10x-cards\e2e\pages\GenerateFlashcardsPage.ts:126:43)
        at D:\DEVELOPER\GitHub\10xcards\10x-cards\e2e\flashcard-generation\generate-and-save.spec.ts:244:28

    attachment #1: screenshot (image/png) ──────────────────────────────────────────────────────────
    test-results\flashcard-generation-gener-1fa6d-notification-on-API-failure-flashcard-generation\test-failed-1.png
    ────────────────────────────────────────────────────────────────────────────────────────────────

    attachment #2: video (video/webm) ──────────────────────────────────────────────────────────────
    test-results\flashcard-generation-gener-1fa6d-notification-on-API-failure-flashcard-generation\video.webm
    ────────────────────────────────────────────────────────────────────────────────────────────────

    Error Context: test-results\flashcard-generation-gener-1fa6d-notification-on-API-failure-flashcard-generation\error-context.md


[1A[2K  9) [flashcard-generation] › e2e\flashcard-generation\generate-and-save.spec.ts:210:5 › Flashcard Generation Workflow › should enable Save Accepted when at least one flashcard is accepted 

    Error: [2mexpect([22m[31mlocator[39m[2m).[22mtoBeEnabled[2m([22m[2m)[22m failed

    Locator:  getByTestId('generate-button')
    Expected: enabled
    Received: disabled
    Timeout:  5000ms

    Call log:
    [2m  - Expect "toBeEnabled" with timeout 5000ms[22m
    [2m  - waiting for getByTestId('generate-button')[22m
    [2m    7 × locator resolved to <button disabled data-slot="button" data-testid="generate-button" class="inline-flex items-center justify-center gap-2 whitespace-nowrap text-sm font-medium transition-all disabled:pointer-events-none disabled:opacity-50 [&_svg]:pointer-events-none [&_svg:not([class*='size-'])]:size-4 shrink-0 [&_svg]:shrink-0 outline-none focus-visible:border-ring focus-visible:ring-ring/50 focus-visible:ring-[3px] aria-invalid:ring-destructive/20 dark:aria-invalid:ring-destructive/40 aria-invalid:border-destructive …>Generate Flashcards</button>[22m
    [2m      - unexpected value "disabled"[22m
    [2m    - waiting for" http://localhost:3000/generate" navigation to finish...[22m
    [2m    - navigated to "http://localhost:3000/generate"[22m
    [2m    - locator resolved to <button disabled data-slot="button" data-testid="generate-button" class="inline-flex items-center justify-center gap-2 whitespace-nowrap text-sm font-medium transition-all disabled:pointer-events-none disabled:opacity-50 [&_svg]:pointer-events-none [&_svg:not([class*='size-'])]:size-4 shrink-0 [&_svg]:shrink-0 outline-none focus-visible:border-ring focus-visible:ring-ring/50 focus-visible:ring-[3px] aria-invalid:ring-destructive/20 dark:aria-invalid:ring-destructive/40 aria-invalid:border-destructive …>Generate Flashcards</button>[22m
    [2m    - unexpected value "disabled"[22m


       at pages\GenerateFlashcardsPage.ts:126

      124 |      */
      125 |     async clickGenerate() {
    > 126 |         await expect(this.generateButton).toBeEnabled();
          |                                           ^
      127 |         await this.generateButton.click();
      128 |     }
      129 |
        at GenerateFlashcardsPage.clickGenerate (D:\DEVELOPER\GitHub\10xcards\10x-cards\e2e\pages\GenerateFlashcardsPage.ts:126:43)
        at GenerateFlashcardsPage.generateFlashcardsFromText (D:\DEVELOPER\GitHub\10xcards\10x-cards\e2e\pages\GenerateFlashcardsPage.ts:288:20)
        at D:\DEVELOPER\GitHub\10xcards\10x-cards\e2e\flashcard-generation\generate-and-save.spec.ts:212:9

    attachment #1: screenshot (image/png) ──────────────────────────────────────────────────────────
    test-results\flashcard-generation-gener-7f7d6-t-one-flashcard-is-accepted-flashcard-generation\test-failed-1.png
    ────────────────────────────────────────────────────────────────────────────────────────────────

    attachment #2: video (video/webm) ──────────────────────────────────────────────────────────────
    test-results\flashcard-generation-gener-7f7d6-t-one-flashcard-is-accepted-flashcard-generation\video.webm
    ────────────────────────────────────────────────────────────────────────────────────────────────

    Error Context: test-results\flashcard-generation-gener-7f7d6-t-one-flashcard-is-accepted-flashcard-generation\error-context.md


[1A[2K[dotenv@17.2.3] injecting env (0) from .env.test -- tip: 📡 add observability to secrets: https://dotenvx.com/ops

[1A[2K[34/54] [flashcard-generation] › e2e\flashcard-generation\user-scenario.spec.ts:24:5 › User Scenario: Generate, Edit, and Save Flashcards › complete workflow from article to saved flashcards
[1A[2K[flashcard-generation] › e2e\flashcard-generation\user-scenario.spec.ts:24:5 › User Scenario: Generate, Edit, and Save Flashcards › complete workflow from article to saved flashcards
📝 Filling source text with C# article...

[1A[2K   Character count: 1352

[1A[2K🔄 Clicking Generate button...

[1A[2K⏳ Waiting for flashcards to be generated (max 40 seconds)...

[1A[2K  10) [flashcard-generation] › e2e\flashcard-generation\user-scenario.spec.ts:24:5 › User Scenario: Generate, Edit, and Save Flashcards › complete workflow from article to saved flashcards › 3. Wait up to 40 seconds for flashcard collection 

    [31mTest timeout of 30000ms exceeded.[39m

    Error: [2mexpect([22m[31mlocator[39m[2m).[22mtoBeVisible[2m([22m[2m)[22m failed

    Locator: getByTestId('flashcard-list')
    Expected: visible
    Error: element(s) not found

    Call log:
    [2m  - Expect "toBeVisible" with timeout 40000ms[22m
    [2m  - waiting for getByTestId('flashcard-list')[22m


       at pages\GenerateFlashcardsPage.ts:135

      133 |      */
      134 |     async waitForFlashcards(timeout: number = 90000) {
    > 135 |         await expect(this.flashcardList).toBeVisible({ timeout });
          |                                          ^
      136 |         // Wait for at least one flashcard item
      137 |         await expect(this.flashcardItems.first()).toBeVisible({ timeout: 5000 });
      138 |     }
        at GenerateFlashcardsPage.waitForFlashcards (D:\DEVELOPER\GitHub\10xcards\10x-cards\e2e\pages\GenerateFlashcardsPage.ts:135:42)
        at D:\DEVELOPER\GitHub\10xcards\10x-cards\e2e\flashcard-generation\user-scenario.spec.ts:56:32
        at D:\DEVELOPER\GitHub\10xcards\10x-cards\e2e\flashcard-generation\user-scenario.spec.ts:52:20

    attachment #1: screenshot (image/png) ──────────────────────────────────────────────────────────
    test-results\flashcard-generation-user--3a296-article-to-saved-flashcards-flashcard-generation\test-failed-1.png
    ────────────────────────────────────────────────────────────────────────────────────────────────

    attachment #2: video (video/webm) ──────────────────────────────────────────────────────────────
    test-results\flashcard-generation-user--3a296-article-to-saved-flashcards-flashcard-generation\video.webm
    ────────────────────────────────────────────────────────────────────────────────────────────────

    Error Context: test-results\flashcard-generation-user--3a296-article-to-saved-flashcards-flashcard-generation\error-context.md


[1A[2K  11) [flashcard-generation] › e2e\flashcard-generation\generate-and-save.spec.ts:259:5 › Flashcard Generation - Multiple Edits › should allow editing multiple flashcards 

    [31mTest timeout of 30000ms exceeded.[39m

    Error: [2mexpect([22m[31mlocator[39m[2m).[22mtoBeVisible[2m([22m[2m)[22m failed

    Locator: getByTestId('flashcard-list')
    Expected: visible
    Error: element(s) not found

    Call log:
    [2m  - Expect "toBeVisible" with timeout 90000ms[22m
    [2m  - waiting for getByTestId('flashcard-list')[22m


       at pages\GenerateFlashcardsPage.ts:135

      133 |      */
      134 |     async waitForFlashcards(timeout: number = 90000) {
    > 135 |         await expect(this.flashcardList).toBeVisible({ timeout });
          |                                          ^
      136 |         // Wait for at least one flashcard item
      137 |         await expect(this.flashcardItems.first()).toBeVisible({ timeout: 5000 });
      138 |     }
        at GenerateFlashcardsPage.waitForFlashcards (D:\DEVELOPER\GitHub\10xcards\10x-cards\e2e\pages\GenerateFlashcardsPage.ts:135:42)
        at GenerateFlashcardsPage.generateFlashcardsFromText (D:\DEVELOPER\GitHub\10xcards\10x-cards\e2e\pages\GenerateFlashcardsPage.ts:289:20)
        at D:\DEVELOPER\GitHub\10xcards\10x-cards\e2e\flashcard-generation\generate-and-save.spec.ts:261:9

    attachment #1: screenshot (image/png) ──────────────────────────────────────────────────────────
    test-results\flashcard-generation-gener-4aee2-editing-multiple-flashcards-flashcard-generation\test-failed-1.png
    ────────────────────────────────────────────────────────────────────────────────────────────────

    attachment #2: video (video/webm) ──────────────────────────────────────────────────────────────
    test-results\flashcard-generation-gener-4aee2-editing-multiple-flashcards-flashcard-generation\video.webm
    ────────────────────────────────────────────────────────────────────────────────────────────────

    Error Context: test-results\flashcard-generation-gener-4aee2-editing-multiple-flashcards-flashcard-generation\error-context.md


[1A[2K  11 failed
    [flashcard-generation] › e2e\flashcard-generation\generate-and-save.spec.ts:24:5 › Flashcard Generation Workflow › should complete full workflow: generate, edit, accept, and save flashcards 
    [flashcard-generation] › e2e\flashcard-generation\generate-and-save.spec.ts:134:5 › Flashcard Generation Workflow › should enable generate button when text length is valid 
    [flashcard-generation] › e2e\flashcard-generation\generate-and-save.spec.ts:140:5 › Flashcard Generation Workflow › should save all flashcards without accepting 
    [flashcard-generation] › e2e\flashcard-generation\generate-and-save.spec.ts:151:5 › Flashcard Generation Workflow › should allow rejecting flashcards 
    [flashcard-generation] › e2e\flashcard-generation\generate-and-save.spec.ts:168:5 › Flashcard Generation Workflow › should validate edit textarea character limits 
    [flashcard-generation] › e2e\flashcard-generation\generate-and-save.spec.ts:188:5 › Flashcard Generation Workflow › should show character counter in edit mode 
    [flashcard-generation] › e2e\flashcard-generation\generate-and-save.spec.ts:202:5 › Flashcard Generation Workflow › should disable Save Accepted when no flashcards are accepted 
    [flashcard-generation] › e2e\flashcard-generation\generate-and-save.spec.ts:210:5 › Flashcard Generation Workflow › should enable Save Accepted when at least one flashcard is accepted 
    [flashcard-generation] › e2e\flashcard-generation\generate-and-save.spec.ts:230:5 › Flashcard Generation - Error Handling › should show error notification on API failure 
    [flashcard-generation] › e2e\flashcard-generation\generate-and-save.spec.ts:259:5 › Flashcard Generation - Multiple Edits › should allow editing multiple flashcards 
    [flashcard-generation] › e2e\flashcard-generation\user-scenario.spec.ts:24:5 › User Scenario: Generate, Edit, and Save Flashcards › complete workflow from article to saved flashcards 
  3 skipped
  20 did not run
  20 passed (1.1m)

[36m  Serving HTML report at http://localhost:51268. Press Ctrl+C to quit.[39m
